// Vitest Snapshot v1

exports[`dataMiniSearch > matches snapshot for search results with query antipathy sympathy 1`] = `
[
  {
    "id": "spell_PHB-Antipathy/Sympathy",
    "match": {
      "antipathy": [
        "name",
      ],
      "sympathy": [
        "name",
      ],
    },
    "score": 45.31141436990952,
    "terms": [
      "antipathy",
      "sympathy",
    ],
  },
  {
    "id": "spell_PHB-Find-the-Path",
    "match": {
      "path": [
        "name",
      ],
    },
    "score": 8.579000772279432,
    "terms": [
      "path",
    ],
  },
  {
    "id": "spell_PHB-Antimagic-Field",
    "match": {
      "antimagic": [
        "name",
      ],
    },
    "score": 3.53586181499294,
    "terms": [
      "antimagic",
    ],
  },
  {
    "id": "spell_PHB-Antilife-Shell",
    "match": {
      "antilife": [
        "name",
      ],
    },
    "score": 3.142988279993724,
    "terms": [
      "antilife",
    ],
  },
  {
    "id": "spell_PHB-Enhance-Ability",
    "match": {
      "ability": [
        "name",
      ],
    },
    "score": 2.9792909737440505,
    "terms": [
      "ability",
    ],
  },
  {
    "id": "spell_PHB-Animate-Dead",
    "match": {
      "animate": [
        "name",
      ],
    },
    "score": 2.9409112045594137,
    "terms": [
      "animate",
    ],
  },
  {
    "id": "spell_PHB-Animate-Objects",
    "match": {
      "animate": [
        "name",
      ],
    },
    "score": 2.9409112045594137,
    "terms": [
      "animate",
    ],
  },
  {
    "id": "spell_PHB-Conjure-Animals",
    "match": {
      "animals": [
        "name",
      ],
    },
    "score": 2.509127772436078,
    "terms": [
      "animals",
    ],
  },
  {
    "id": "spell_PHB-Animal-Friendship",
    "match": {
      "animal": [
        "name",
      ],
    },
    "score": 2.346197397602567,
    "terms": [
      "animal",
    ],
  },
  {
    "id": "spell_PHB-Animal-Messenger",
    "match": {
      "animal": [
        "name",
      ],
    },
    "score": 2.346197397602567,
    "terms": [
      "animal",
    ],
  },
  {
    "id": "spell_PHB-Animal-Shapes",
    "match": {
      "animal": [
        "name",
      ],
    },
    "score": 2.346197397602567,
    "terms": [
      "animal",
    ],
  },
  {
    "id": "spell_PHB-Speak-with-Animals",
    "match": {
      "animals": [
        "name",
      ],
    },
    "score": 2.231294760233709,
    "terms": [
      "animals",
    ],
  },
  {
    "id": "spell_PHB-Locate-Animals-or-Plants",
    "match": {
      "animals": [
        "name",
      ],
    },
    "score": 2.033464837961121,
    "terms": [
      "animals",
    ],
  },
]
`;

exports[`dataMiniSearch > matches snapshot for search results with query find 1`] = `
[
  {
    "id": "spell_PHB-Find-Familiar",
    "match": {
      "find": [
        "name",
      ],
    },
    "score": 6.2496899407357525,
    "terms": [
      "find",
    ],
  },
  {
    "id": "spell_PHB-Find-Steed",
    "match": {
      "find": [
        "name",
      ],
    },
    "score": 6.2496899407357525,
    "terms": [
      "find",
    ],
  },
  {
    "id": "spell_PHB-Find-Traps",
    "match": {
      "find": [
        "name",
      ],
    },
    "score": 6.2496899407357525,
    "terms": [
      "find",
    ],
  },
  {
    "id": "spell_PHB-Find-the-Path",
    "match": {
      "find": [
        "name",
      ],
    },
    "score": 5.557668513752126,
    "terms": [
      "find",
    ],
  },
  {
    "id": "spell_PHB-Create-Food-and-Water",
    "match": {
      "and": [
        "name",
      ],
      "food": [
        "name",
      ],
    },
    "score": 4.2359228998453915,
    "terms": [
      "and",
      "food",
    ],
  },
  {
    "id": "spell_PHB-Purify-Food-and-Drink",
    "match": {
      "and": [
        "name",
      ],
      "food": [
        "name",
      ],
    },
    "score": 4.2359228998453915,
    "terms": [
      "and",
      "food",
    ],
  },
  {
    "id": "spell_PHB-Mind-Blank",
    "match": {
      "mind": [
        "name",
      ],
    },
    "score": 4.085884763991841,
    "terms": [
      "mind",
    ],
  },
  {
    "id": "spell_PHB-Antimagic-Field",
    "match": {
      "field": [
        "name",
      ],
    },
    "score": 3.648111396421287,
    "terms": [
      "field",
    ],
  },
  {
    "id": "spell_PHB-Aid",
    "match": {
      "aid": [
        "name",
      ],
    },
    "score": 3.5757334443693742,
    "terms": [
      "aid",
    ],
  },
  {
    "id": "spell_PHB-Wind-Walk",
    "match": {
      "wind": [
        "name",
      ],
    },
    "score": 3.441089516483765,
    "terms": [
      "wind",
    ],
  },
  {
    "id": "spell_PHB-Wind-Wall",
    "match": {
      "wind": [
        "name",
      ],
    },
    "score": 3.441089516483765,
    "terms": [
      "wind",
    ],
  },
  {
    "id": "spell_PHB-Warding-Bond",
    "match": {
      "bond": [
        "name",
      ],
    },
    "score": 3.404903969993201,
    "terms": [
      "bond",
    ],
  },
  {
    "id": "spell_PHB-Mage-Hand",
    "match": {
      "hand": [
        "name",
      ],
    },
    "score": 3.404903969993201,
    "terms": [
      "hand",
    ],
  },
  {
    "id": "spell_PHB-Gust-of-Wind",
    "match": {
      "wind": [
        "name",
      ],
    },
    "score": 3.0600613854633725,
    "terms": [
      "wind",
    ],
  },
  {
    "id": "spell_PHB-Faerie-Fire",
    "match": {
      "fire": [
        "name",
      ],
    },
    "score": 2.5809399972838736,
    "terms": [
      "fire",
    ],
  },
  {
    "id": "spell_PHB-Fire-Bolt",
    "match": {
      "fire": [
        "name",
      ],
    },
    "score": 2.5809399972838736,
    "terms": [
      "fire",
    ],
  },
  {
    "id": "spell_PHB-Fire-Shield",
    "match": {
      "fire": [
        "name",
      ],
    },
    "score": 2.5809399972838736,
    "terms": [
      "fire",
    ],
  },
  {
    "id": "spell_PHB-Fire-Storm",
    "match": {
      "fire": [
        "name",
      ],
    },
    "score": 2.5809399972838736,
    "terms": [
      "fire",
    ],
  },
  {
    "id": "spell_PHB-Wall-of-Fire",
    "match": {
      "fire": [
        "name",
      ],
    },
    "score": 2.295155294872023,
    "terms": [
      "fire",
    ],
  },
  {
    "id": "spell_PHB-Guards-and-Wards",
    "match": {
      "and": [
        "name",
      ],
    },
    "score": 1.9082197915003174,
    "terms": [
      "and",
    ],
  },
  {
    "id": "spell_PHB-Detect-Evil-and-Good",
    "match": {
      "and": [
        "name",
      ],
    },
    "score": 1.73903417794562,
    "terms": [
      "and",
    ],
  },
  {
    "id": "spell_PHB-Detect-Poison-and-Disease",
    "match": {
      "and": [
        "name",
      ],
    },
    "score": 1.73903417794562,
    "terms": [
      "and",
    ],
  },
  {
    "id": "spell_PHB-Dispel-Evil-and-Good",
    "match": {
      "and": [
        "name",
      ],
    },
    "score": 1.73903417794562,
    "terms": [
      "and",
    ],
  },
  {
    "id": "spell_PHB-Protection-from-Evil-and-Good",
    "match": {
      "and": [
        "name",
      ],
    },
    "score": 1.6124347827577272,
    "terms": [
      "and",
    ],
  },
]
`;

exports[`dataMiniSearch > matches snapshot for search results with query fire blt 1`] = `
[
  {
    "id": "spell_PHB-Fire-Bolt",
    "match": {
      "bolt": [
        "name",
      ],
      "fire": [
        "name",
      ],
    },
    "score": 18.794209789662332,
    "terms": [
      "fire",
      "bolt",
    ],
  },
  {
    "id": "spell_PHB-Delayed-Blast-Fireball",
    "match": {
      "blast": [
        "name",
      ],
      "fireball": [
        "name",
      ],
    },
    "score": 16.866876332925255,
    "terms": [
      "fireball",
      "blast",
    ],
  },
  {
    "id": "spell_PHB-Fireball",
    "match": {
      "fireball": [
        "name",
      ],
    },
    "score": 7.214115968152095,
    "terms": [
      "fireball",
    ],
  },
  {
    "id": "spell_PHB-Faerie-Fire",
    "match": {
      "fire": [
        "name",
      ],
    },
    "score": 5.9560153783474,
    "terms": [
      "fire",
    ],
  },
  {
    "id": "spell_PHB-Fire-Shield",
    "match": {
      "fire": [
        "name",
      ],
    },
    "score": 5.9560153783474,
    "terms": [
      "fire",
    ],
  },
  {
    "id": "spell_PHB-Fire-Storm",
    "match": {
      "fire": [
        "name",
      ],
    },
    "score": 5.9560153783474,
    "terms": [
      "fire",
    ],
  },
  {
    "id": "spell_PHB-Wall-of-Fire",
    "match": {
      "fire": [
        "name",
      ],
    },
    "score": 5.296512218935438,
    "terms": [
      "fire",
    ],
  },
  {
    "id": "spell_PHB-Blur",
    "match": {
      "blur": [
        "name",
      ],
    },
    "score": 3.9730371604104158,
    "terms": [
      "blur",
    ],
  },
  {
    "id": "spell_PHB-Fly",
    "match": {
      "fly": [
        "name",
      ],
    },
    "score": 3.5757334443693742,
    "terms": [
      "fly",
    ],
  },
  {
    "id": "spell_PHB-Guiding-Bolt",
    "match": {
      "bolt": [
        "name",
      ],
    },
    "score": 3.441089516483765,
    "terms": [
      "bolt",
    ],
  },
  {
    "id": "spell_PHB-Lightning-Bolt",
    "match": {
      "bolt": [
        "name",
      ],
    },
    "score": 3.441089516483765,
    "terms": [
      "bolt",
    ],
  },
  {
    "id": "spell_PHB-Gaseous-Form",
    "match": {
      "form": [
        "name",
      ],
    },
    "score": 3.404903969993201,
    "terms": [
      "form",
    ],
  },
  {
    "id": "spell_PHB-False-Life",
    "match": {
      "life": [
        "name",
      ],
    },
    "score": 3.404903969993201,
    "terms": [
      "life",
    ],
  },
  {
    "id": "spell_PHB-Legend-Lore",
    "match": {
      "lore": [
        "name",
      ],
    },
    "score": 3.404903969993201,
    "terms": [
      "lore",
    ],
  },
  {
    "id": "spell_PHB-Time-Stop",
    "match": {
      "time": [
        "name",
      ],
    },
    "score": 3.404903969993201,
    "terms": [
      "time",
    ],
  },
  {
    "id": "spell_PHB-Eldritch-Blast",
    "match": {
      "blast": [
        "name",
      ],
    },
    "score": 3.301022780627913,
    "terms": [
      "blast",
    ],
  },
  {
    "id": "spell_PHB-Wall-of-Force",
    "match": {
      "force": [
        "name",
      ],
    },
    "score": 3.244159955903987,
    "terms": [
      "force",
    ],
  },
  {
    "id": "spell_PHB-Cure-Wounds",
    "match": {
      "cure": [
        "name",
      ],
    },
    "score": 3.0809545952527193,
    "terms": [
      "cure",
    ],
  },
  {
    "id": "disease_DMG-Sight-Rot",
    "match": {
      "rot": [
        "name",
      ],
    },
    "score": 3.064413572993881,
    "terms": [
      "rot",
    ],
  },
  {
    "id": "spell_PHB-Ice-Storm",
    "match": {
      "ice": [
        "name",
      ],
    },
    "score": 2.772859135727447,
    "terms": [
      "ice",
    ],
  },
  {
    "id": "spell_PHB-Mass-Cure-Wounds",
    "match": {
      "cure": [
        "name",
      ],
    },
    "score": 2.739803815662597,
    "terms": [
      "cure",
    ],
  },
  {
    "id": "spell_PHB-Find-Familiar",
    "match": {
      "find": [
        "name",
      ],
    },
    "score": 2.708198974318826,
    "terms": [
      "find",
    ],
  },
  {
    "id": "spell_PHB-Find-Steed",
    "match": {
      "find": [
        "name",
      ],
    },
    "score": 2.708198974318826,
    "terms": [
      "find",
    ],
  },
  {
    "id": "spell_PHB-Find-Traps",
    "match": {
      "find": [
        "name",
      ],
    },
    "score": 2.708198974318826,
    "terms": [
      "find",
    ],
  },
  {
    "id": "spell_PHB-Wall-of-Ice",
    "match": {
      "ice": [
        "name",
      ],
    },
    "score": 2.465823434096337,
    "terms": [
      "ice",
    ],
  },
  {
    "id": "spell_PHB-Find-the-Path",
    "match": {
      "find": [
        "name",
      ],
    },
    "score": 2.4083230226259214,
    "terms": [
      "find",
    ],
  },
]
`;

exports[`dataMiniSearch > matches snapshot for search results with query fireball 1`] = `
[
  {
    "id": "spell_PHB-Fireball",
    "match": {
      "fireball": [
        "name",
      ],
    },
    "score": 8.296233363374908,
    "terms": [
      "fireball",
    ],
  },
  {
    "id": "spell_PHB-Delayed-Blast-Fireball",
    "match": {
      "fireball": [
        "name",
      ],
    },
    "score": 6.3226241899906075,
    "terms": [
      "fireball",
    ],
  },
  {
    "id": "spell_PHB-Word-of-Recall",
    "match": {
      "recall": [
        "name",
      ],
    },
    "score": 3.027882625510388,
    "terms": [
      "recall",
    ],
  },
  {
    "id": "spell_PHB-Antimagic-Field",
    "match": {
      "field": [
        "name",
      ],
    },
    "score": 2.837419974994334,
    "terms": [
      "field",
    ],
  },
  {
    "id": "spell_PHB-Feather-Fall",
    "match": {
      "fall": [
        "name",
      ],
    },
    "score": 2.5536779774949006,
    "terms": [
      "fall",
    ],
  },
  {
    "id": "spell_PHB-Faerie-Fire",
    "match": {
      "fire": [
        "name",
      ],
    },
    "score": 1.935704997962905,
    "terms": [
      "fire",
    ],
  },
  {
    "id": "spell_PHB-Fire-Bolt",
    "match": {
      "fire": [
        "name",
      ],
    },
    "score": 1.935704997962905,
    "terms": [
      "fire",
    ],
  },
  {
    "id": "spell_PHB-Fire-Shield",
    "match": {
      "fire": [
        "name",
      ],
    },
    "score": 1.935704997962905,
    "terms": [
      "fire",
    ],
  },
  {
    "id": "spell_PHB-Fire-Storm",
    "match": {
      "fire": [
        "name",
      ],
    },
    "score": 1.935704997962905,
    "terms": [
      "fire",
    ],
  },
  {
    "id": "spell_PHB-Wall-of-Fire",
    "match": {
      "fire": [
        "name",
      ],
    },
    "score": 1.7213664711540173,
    "terms": [
      "fire",
    ],
  },
]
`;

exports[`dataMiniSearch > matches snapshot for search results with query mine black 1`] = `
[
  {
    "id": "spell_PHB-Mind-Blank",
    "match": {
      "blank": [
        "name",
      ],
      "mind": [
        "name",
      ],
    },
    "score": 16.684029452966683,
    "terms": [
      "mind",
      "blank",
    ],
  },
  {
    "id": "spell_PHB-Bane",
    "match": {
      "bane": [
        "name",
      ],
    },
    "score": 14.756995167238689,
    "terms": [
      "bane",
    ],
  },
  {
    "id": "spell_PHB-Wind-Walk",
    "match": {
      "walk": [
        "name",
      ],
      "wind": [
        "name",
      ],
    },
    "score": 11.01678564314427,
    "terms": [
      "wind",
      "walk",
    ],
  },
  {
    "id": "spell_PHB-Flame-Blade",
    "match": {
      "blade": [
        "name",
      ],
      "flame": [
        "name",
      ],
    },
    "score": 5.720654028081544,
    "terms": [
      "flame",
      "blade",
    ],
  },
  {
    "id": "spell_PHB-Blink",
    "match": {
      "blink": [
        "name",
      ],
    },
    "score": 4.25682552901116,
    "terms": [
      "blink",
    ],
  },
  {
    "id": "spell_PHB-Maze",
    "match": {
      "maze": [
        "name",
      ],
    },
    "score": 3.9730371604104158,
    "terms": [
      "maze",
    ],
  },
  {
    "id": "spell_PHB-Alarm",
    "match": {
      "alarm": [
        "name",
      ],
    },
    "score": 3.724722337884765,
    "terms": [
      "alarm",
    ],
  },
  {
    "id": "spell_PHB-Bless",
    "match": {
      "bless": [
        "name",
      ],
    },
    "score": 3.724722337884765,
    "terms": [
      "bless",
    ],
  },
  {
    "id": "spell_PHB-Knock",
    "match": {
      "knock": [
        "name",
      ],
    },
    "score": 3.724722337884765,
    "terms": [
      "knock",
    ],
  },
  {
    "id": "spell_PHB-Branding-Smite",
    "match": {
      "smite": [
        "name",
      ],
    },
    "score": 3.648111396421287,
    "terms": [
      "smite",
    ],
  },
  {
    "id": "spell_PHB-Blur",
    "match": {
      "blur": [
        "name",
      ],
    },
    "score": 3.405460423208928,
    "terms": [
      "blur",
    ],
  },
  {
    "id": "spell_PHB-False-Life",
    "match": {
      "life": [
        "name",
      ],
    },
    "score": 3.404903969993201,
    "terms": [
      "life",
    ],
  },
  {
    "id": "spell_PHB-Move-Earth",
    "match": {
      "move": [
        "name",
      ],
    },
    "score": 3.404903969993201,
    "terms": [
      "move",
    ],
  },
  {
    "id": "spell_PHB-Time-Stop",
    "match": {
      "time": [
        "name",
      ],
    },
    "score": 3.404903969993201,
    "terms": [
      "time",
    ],
  },
  {
    "id": "spell_PHB-Arcane-Lock",
    "match": {
      "lock": [
        "name",
      ],
    },
    "score": 3.404903969993201,
    "terms": [
      "lock",
    ],
  },
  {
    "id": "spell_PHB-Minor-Illusion",
    "match": {
      "minor": [
        "name",
      ],
    },
    "score": 3.301022780627913,
    "terms": [
      "minor",
    ],
  },
  {
    "id": "spell_PHB-Blade-Barrier",
    "match": {
      "blade": [
        "name",
      ],
    },
    "score": 3.301022780627913,
    "terms": [
      "blade",
    ],
  },
  {
    "id": "spell_PHB-Eldritch-Blast",
    "match": {
      "blast": [
        "name",
      ],
    },
    "score": 3.301022780627913,
    "terms": [
      "blast",
    ],
  },
  {
    "id": "spell_PHB-Dominate-Beast",
    "match": {
      "beast": [
        "name",
      ],
    },
    "score": 3.192097471868626,
    "terms": [
      "beast",
    ],
  },
  {
    "id": "spell_PHB-Plant-Growth",
    "match": {
      "plant": [
        "name",
      ],
    },
    "score": 3.192097471868626,
    "terms": [
      "plant",
    ],
  },
  {
    "id": "spell_PHB-Rope-Trick",
    "match": {
      "trick": [
        "name",
      ],
    },
    "score": 3.192097471868626,
    "terms": [
      "trick",
    ],
  },
  {
    "id": "spell_PHB-Mage-Armor",
    "match": {
      "mage": [
        "name",
      ],
    },
    "score": 3.0809545952527193,
    "terms": [
      "mage",
    ],
  },
  {
    "id": "spell_PHB-Mage-Hand",
    "match": {
      "mage": [
        "name",
      ],
    },
    "score": 3.0809545952527193,
    "terms": [
      "mage",
    ],
  },
  {
    "id": "spell_PHB-Cone-of-Cold",
    "match": {
      "cone": [
        "name",
      ],
    },
    "score": 3.027882625510388,
    "terms": [
      "cone",
    ],
  },
  {
    "id": "spell_PHB-Zone-of-Truth",
    "match": {
      "zone": [
        "name",
      ],
    },
    "score": 3.027882625510388,
    "terms": [
      "zone",
    ],
  },
  {
    "id": "spell_PHB-Beacon-of-Hope",
    "match": {
      "beacon": [
        "name",
      ],
    },
    "score": 3.027882625510388,
    "terms": [
      "beacon",
    ],
  },
  {
    "id": "spell_PHB-Conjure-Minor-Elementals",
    "match": {
      "minor": [
        "name",
      ],
    },
    "score": 2.935504088209925,
    "terms": [
      "minor",
    ],
  },
  {
    "id": "spell_PHB-Delayed-Blast-Fireball",
    "match": {
      "blast": [
        "name",
      ],
    },
    "score": 2.935504088209925,
    "terms": [
      "blast",
    ],
  },
  {
    "id": "spell_PHB-Plane-Shift",
    "match": {
      "plane": [
        "name",
      ],
    },
    "score": 2.888394933049424,
    "terms": [
      "plane",
    ],
  },
  {
    "id": "spell_PHB-Wind-Wall",
    "match": {
      "wind": [
        "name",
      ],
    },
    "score": 2.867574597069804,
    "terms": [
      "wind",
    ],
  },
  {
    "id": "spell_PHB-Pass-without-Trace",
    "match": {
      "trace": [
        "name",
      ],
    },
    "score": 2.8386399614159883,
    "terms": [
      "trace",
    ],
  },
  {
    "id": "spell_PHB-Ice-Storm",
    "match": {
      "ice": [
        "name",
      ],
    },
    "score": 2.772859135727447,
    "terms": [
      "ice",
    ],
  },
  {
    "id": "spell_PHB-Find-Familiar",
    "match": {
      "find": [
        "name",
      ],
    },
    "score": 2.708198974318826,
    "terms": [
      "find",
    ],
  },
  {
    "id": "spell_PHB-Find-Steed",
    "match": {
      "find": [
        "name",
      ],
    },
    "score": 2.708198974318826,
    "terms": [
      "find",
    ],
  },
  {
    "id": "spell_PHB-Find-Traps",
    "match": {
      "find": [
        "name",
      ],
    },
    "score": 2.708198974318826,
    "terms": [
      "find",
    ],
  },
  {
    "id": "spell_PHB-Water-Walk",
    "match": {
      "walk": [
        "name",
      ],
    },
    "score": 2.640818224502331,
    "terms": [
      "walk",
    ],
  },
  {
    "id": "spell_PHB-Hunter's-Mark",
    "match": {
      "mark": [
        "name",
      ],
    },
    "score": 2.5953279647231895,
    "terms": [
      "mark",
    ],
  },
  {
    "id": "spell_PHB-Faerie-Fire",
    "match": {
      "fire": [
        "name",
      ],
    },
    "score": 2.5809399972838736,
    "terms": [
      "fire",
    ],
  },
  {
    "id": "spell_PHB-Fire-Bolt",
    "match": {
      "fire": [
        "name",
      ],
    },
    "score": 2.5809399972838736,
    "terms": [
      "fire",
    ],
  },
  {
    "id": "spell_PHB-Fire-Shield",
    "match": {
      "fire": [
        "name",
      ],
    },
    "score": 2.5809399972838736,
    "terms": [
      "fire",
    ],
  },
  {
    "id": "spell_PHB-Fire-Storm",
    "match": {
      "fire": [
        "name",
      ],
    },
    "score": 2.5809399972838736,
    "terms": [
      "fire",
    ],
  },
  {
    "id": "spell_PHB-Contact-Other-Plane",
    "match": {
      "plane": [
        "name",
      ],
    },
    "score": 2.5685660771836845,
    "terms": [
      "plane",
    ],
  },
  {
    "id": "spell_PHB-Gust-of-Wind",
    "match": {
      "wind": [
        "name",
      ],
    },
    "score": 2.5500511545528104,
    "terms": [
      "wind",
    ],
  },
  {
    "id": "spell_PHB-Wall-of-Ice",
    "match": {
      "ice": [
        "name",
      ],
    },
    "score": 2.465823434096337,
    "terms": [
      "ice",
    ],
  },
  {
    "id": "spell_PHB-Continual-Flame",
    "match": {
      "flame": [
        "name",
      ],
    },
    "score": 2.4196312474536312,
    "terms": [
      "flame",
    ],
  },
  {
    "id": "spell_PHB-Flame-Strike",
    "match": {
      "flame": [
        "name",
      ],
    },
    "score": 2.4196312474536312,
    "terms": [
      "flame",
    ],
  },
  {
    "id": "spell_PHB-Produce-Flame",
    "match": {
      "flame": [
        "name",
      ],
    },
    "score": 2.4196312474536312,
    "terms": [
      "flame",
    ],
  },
  {
    "id": "spell_PHB-Sacred-Flame",
    "match": {
      "flame": [
        "name",
      ],
    },
    "score": 2.4196312474536312,
    "terms": [
      "flame",
    ],
  },
  {
    "id": "spell_PHB-Find-the-Path",
    "match": {
      "find": [
        "name",
      ],
    },
    "score": 2.4083230226259214,
    "terms": [
      "find",
    ],
  },
  {
    "id": "spell_PHB-Wall-of-Fire",
    "match": {
      "fire": [
        "name",
      ],
    },
    "score": 2.295155294872023,
    "terms": [
      "fire",
    ],
  },
]
`;
