// Vitest Snapshot v1

exports[`filterEngine > matches snapshot for search results given query fireball, filter [{"key":"name","value":"fireball","use":true}] 1`] = `
[
  {
    "id": "spell_PHB-Fireball",
    "match": {
      "fireball": [
        "name",
      ],
    },
    "score": 8.225398227232713,
    "terms": [
      "fireball",
    ],
  },
  {
    "id": "spell_PHB-Delayed-Blast-Fireball",
    "match": {
      "fireball": [
        "name",
      ],
    },
    "score": 6.287348888500212,
    "terms": [
      "fireball",
    ],
  },
]
`;

exports[`filterEngine > matches snapshot for search results given query m, filter [{"key":"level","value":"3","use":true},{"key":"name","value":"i","use":true}] 1`] = `
[
  {
    "id": "spell_PHB-Major-Image",
    "match": {
      "major": [
        "name",
      ],
    },
    "score": 6.302528376091795,
    "terms": [
      "major",
    ],
  },
  {
    "id": "spell_PHB-Meld-into-Stone",
    "match": {
      "meld": [
        "name",
      ],
    },
    "score": 5.67903503998296,
    "terms": [
      "meld",
    ],
  },
  {
    "id": "spell_PHB-Mass-Healing-Word",
    "match": {
      "mass": [
        "name",
      ],
    },
    "score": 4.503687819691761,
    "terms": [
      "mass",
    ],
  },
  {
    "id": "spell_PHB-Dispel-Magic",
    "match": {
      "magic": [
        "name",
      ],
    },
    "score": 4.391636030244226,
    "terms": [
      "magic",
    ],
  },
  {
    "id": "spell_PHB-Magic-Circle",
    "match": {
      "magic": [
        "name",
      ],
    },
    "score": 4.391636030244226,
    "terms": [
      "magic",
    ],
  },
]
`;

exports[`filterEngine > matches snapshot for search results given query undefined, filter [{"key":"name","value":"/mind\\\\b/i","use":true}] 1`] = `
[
  {
    "areaTags": [
      "ST",
    ],
    "classes": {
      "fromClassList": [
        {
          "name": "Bard",
          "source": "PHB",
        },
        {
          "name": "Druid",
          "source": "PHB",
        },
        {
          "name": "Warlock",
          "source": "PHB",
        },
        {
          "name": "Wizard",
          "source": "PHB",
        },
      ],
    },
    "components": {
      "m": "a handful of clay, crystal, glass, or mineral spheres",
      "s": true,
      "v": true,
    },
    "damageInflict": [
      "psychic",
    ],
    "duration": [
      {
        "type": "instant",
      },
    ],
    "entries": [
      "You blast the mind of a creature that you can see within range, attempting to shatter its intellect and personality. The target takes {@damage 4d6} psychic damage and must make an Intelligence saving throw.",
      "On a failed save, the creature's Intelligence and Charisma scores become 1. The creature can't cast spells, activate magic items, understand language, or communicate in any intelligible way. The creature can, however, identify its friends, follow them, and even protect them.",
      "At the end of every 30 days, the creature can repeat its saving throw against this spell. If it succeeds on its saving throw, the spell ends.",
      "The spell can also be ended by {@spell greater restoration}, {@spell heal}, or {@spell wish}.",
    ],
    "id": "spell_PHB-Feeblemind",
    "level": 8,
    "miscTags": [
      "SGT",
    ],
    "name": "Feeblemind",
    "page": 239,
    "range": {
      "distance": {
        "amount": 150,
        "type": "feet",
      },
      "type": "point",
    },
    "savingThrow": [
      "intelligence",
    ],
    "school": "E",
    "source": "PHB",
    "srd": true,
    "time": [
      {
        "number": 1,
        "unit": "action",
      },
    ],
  },
  {
    "classes": {
      "fromClassList": [
        {
          "name": "Bard",
          "source": "PHB",
        },
        {
          "name": "Wizard",
          "source": "PHB",
        },
      ],
    },
    "components": {
      "s": true,
      "v": true,
    },
    "conditionImmune": [
      "charmed",
    ],
    "damageImmune": [
      "psychic",
    ],
    "duration": [
      {
        "duration": {
          "amount": 24,
          "type": "hour",
        },
        "type": "timed",
      },
    ],
    "entries": [
      "Until the spell ends, one willing creature you touch is immune to psychic damage, any effect that would sense its emotions or read its thoughts, divination spells, and the {@condition charmed} condition. The spell even foils {@spell wish} spells and spells or effects of similar power used to affect the target's mind or to gain information about the target.",
    ],
    "id": "spell_PHB-Mind-Blank",
    "level": 8,
    "name": "Mind Blank",
    "page": 259,
    "range": {
      "distance": {
        "type": "touch",
      },
      "type": "point",
    },
    "school": "A",
    "source": "PHB",
    "srd": true,
    "time": [
      {
        "number": 1,
        "unit": "action",
      },
    ],
  },
]
`;
